------------------------------------------------------------
TimeQuest Timing Analyzer Summary
------------------------------------------------------------

Type  : Slow Model Setup 'clk'
Slack : -4.521
TNS   : -469.810

Type  : Slow Model Setup 'jishuclk'
Slack : -4.234
TNS   : -140.272

Type  : Slow Model Setup 'divclk'
Slack : -0.019
TNS   : -0.019

Type  : Slow Model Setup 'moshi[0]'
Slack : 0.445
TNS   : 0.000

Type  : Slow Model Hold 'moshi[0]'
Slack : -1.155
TNS   : -17.680

Type  : Slow Model Hold 'jishuclk'
Slack : 0.106
TNS   : 0.000

Type  : Slow Model Hold 'divclk'
Slack : 0.499
TNS   : 0.000

Type  : Slow Model Hold 'clk'
Slack : 1.041
TNS   : 0.000

Type  : Slow Model Recovery 'jishuclk'
Slack : -5.120
TNS   : -204.288

Type  : Slow Model Removal 'jishuclk'
Slack : 2.252
TNS   : 0.000

Type  : Slow Model Minimum Pulse Width 'clk'
Slack : -1.941
TNS   : -199.313

Type  : Slow Model Minimum Pulse Width 'jishuclk'
Slack : -0.742
TNS   : -59.360

Type  : Slow Model Minimum Pulse Width 'divclk'
Slack : -0.742
TNS   : -2.968

Type  : Slow Model Minimum Pulse Width 'moshi[0]'
Slack : 0.500
TNS   : 0.000

Type  : Fast Model Setup 'clk'
Slack : -0.841
TNS   : -74.402

Type  : Fast Model Setup 'jishuclk'
Slack : -0.800
TNS   : -21.978

Type  : Fast Model Setup 'divclk'
Slack : 0.635
TNS   : 0.000

Type  : Fast Model Setup 'moshi[0]'
Slack : 0.649
TNS   : 0.000

Type  : Fast Model Hold 'jishuclk'
Slack : -0.333
TNS   : -8.282

Type  : Fast Model Hold 'moshi[0]'
Slack : -0.138
TNS   : -1.242

Type  : Fast Model Hold 'divclk'
Slack : 0.215
TNS   : 0.000

Type  : Fast Model Hold 'clk'
Slack : 0.320
TNS   : 0.000

Type  : Fast Model Recovery 'jishuclk'
Slack : -1.348
TNS   : -53.712

Type  : Fast Model Removal 'jishuclk'
Slack : 0.655
TNS   : 0.000

Type  : Fast Model Minimum Pulse Width 'clk'
Slack : -1.380
TNS   : -134.380

Type  : Fast Model Minimum Pulse Width 'jishuclk'
Slack : -0.500
TNS   : -40.000

Type  : Fast Model Minimum Pulse Width 'divclk'
Slack : -0.500
TNS   : -2.000

Type  : Fast Model Minimum Pulse Width 'moshi[0]'
Slack : 0.500
TNS   : 0.000

------------------------------------------------------------
