------------------------------------------------------------
TimeQuest Timing Analyzer Summary
------------------------------------------------------------

Type  : Slow Model Setup 'number[0]'
Slack : -9.013
TNS   : -31.737

Type  : Slow Model Setup 'clk'
Slack : -6.179
TNS   : -1108.968

Type  : Slow Model Setup 'data_r[0]'
Slack : -3.894
TNS   : -26.914

Type  : Slow Model Setup 'divclk'
Slack : -0.072
TNS   : -0.072

Type  : Slow Model Hold 'number[0]'
Slack : -5.339
TNS   : -26.272

Type  : Slow Model Hold 'data_r[0]'
Slack : -2.929
TNS   : -20.310

Type  : Slow Model Hold 'clk'
Slack : -1.271
TNS   : -3.402

Type  : Slow Model Hold 'divclk'
Slack : 0.499
TNS   : 0.000

Type  : Slow Model Recovery 'number[0]'
Slack : -5.558
TNS   : -18.567

Type  : Slow Model Removal 'number[0]'
Slack : -4.791
TNS   : -16.568

Type  : Slow Model Minimum Pulse Width 'number[0]'
Slack : -2.600
TNS   : -164.958

Type  : Slow Model Minimum Pulse Width 'clk'
Slack : -1.941
TNS   : -375.909

Type  : Slow Model Minimum Pulse Width 'divclk'
Slack : -0.742
TNS   : -2.968

Type  : Slow Model Minimum Pulse Width 'data_r[0]'
Slack : 0.500
TNS   : 0.000

Type  : Fast Model Setup 'number[0]'
Slack : -2.671
TNS   : -9.428

Type  : Fast Model Setup 'clk'
Slack : -1.217
TNS   : -199.150

Type  : Fast Model Setup 'data_r[0]'
Slack : -0.317
TNS   : -2.181

Type  : Fast Model Setup 'divclk'
Slack : 0.611
TNS   : 0.000

Type  : Fast Model Hold 'number[0]'
Slack : -1.383
TNS   : -6.786

Type  : Fast Model Hold 'data_r[0]'
Slack : -1.307
TNS   : -9.087

Type  : Fast Model Hold 'clk'
Slack : -1.033
TNS   : -11.249

Type  : Fast Model Hold 'divclk'
Slack : 0.215
TNS   : 0.000

Type  : Fast Model Recovery 'number[0]'
Slack : -1.643
TNS   : -5.503

Type  : Fast Model Removal 'number[0]'
Slack : -1.401
TNS   : -4.857

Type  : Fast Model Minimum Pulse Width 'clk'
Slack : -1.380
TNS   : -253.380

Type  : Fast Model Minimum Pulse Width 'divclk'
Slack : -0.500
TNS   : -2.000

Type  : Fast Model Minimum Pulse Width 'number[0]'
Slack : -0.388
TNS   : -16.296

Type  : Fast Model Minimum Pulse Width 'data_r[0]'
Slack : 0.500
TNS   : 0.000

------------------------------------------------------------
