------------------------------------------------------------
TimeQuest Timing Analyzer Summary
------------------------------------------------------------

Type  : Slow Model Setup 'clk'
Slack : -4.545
TNS   : -206.605

Type  : Slow Model Setup 'divclk'
Slack : -0.031
TNS   : -0.031

Type  : Slow Model Hold 'clk'
Slack : 0.499
TNS   : 0.000

Type  : Slow Model Hold 'divclk'
Slack : 0.499
TNS   : 0.000

Type  : Slow Model Minimum Pulse Width 'clk'
Slack : -1.941
TNS   : -92.465

Type  : Slow Model Minimum Pulse Width 'divclk'
Slack : -0.742
TNS   : -2.968

Type  : Fast Model Setup 'clk'
Slack : -0.843
TNS   : -31.620

Type  : Fast Model Setup 'divclk'
Slack : 0.632
TNS   : 0.000

Type  : Fast Model Hold 'clk'
Slack : 0.215
TNS   : 0.000

Type  : Fast Model Hold 'divclk'
Slack : 0.215
TNS   : 0.000

Type  : Fast Model Minimum Pulse Width 'clk'
Slack : -1.380
TNS   : -62.380

Type  : Fast Model Minimum Pulse Width 'divclk'
Slack : -0.500
TNS   : -2.000

------------------------------------------------------------
