------------------------------------------------------------
TimeQuest Timing Analyzer Summary
------------------------------------------------------------

Type  : Slow Model Setup 'divclk'
Slack : -4.593
TNS   : -548.960

Type  : Slow Model Setup 'clk'
Slack : -3.490
TNS   : -66.970

Type  : Slow Model Hold 'divclk'
Slack : 0.499
TNS   : 0.000

Type  : Slow Model Hold 'clk'
Slack : 1.166
TNS   : 0.000

Type  : Slow Model Minimum Pulse Width 'clk'
Slack : -1.941
TNS   : -42.009

Type  : Slow Model Minimum Pulse Width 'divclk'
Slack : -0.742
TNS   : -207.760

Type  : Fast Model Setup 'divclk'
Slack : -0.849
TNS   : -94.487

Type  : Fast Model Setup 'clk'
Slack : -0.642
TNS   : -7.562

Type  : Fast Model Hold 'divclk'
Slack : 0.215
TNS   : 0.000

Type  : Fast Model Hold 'clk'
Slack : 0.355
TNS   : 0.000

Type  : Fast Model Minimum Pulse Width 'clk'
Slack : -1.380
TNS   : -28.380

Type  : Fast Model Minimum Pulse Width 'divclk'
Slack : -0.500
TNS   : -140.000

------------------------------------------------------------
