Analysis & Synthesis report for traffic
Thu Jun 13 17:55:24 2019
Quartus II 64-Bit Version 13.0.1 Build 232 06/12/2013 Service Pack 1 SJ Web Edition


---------------------
; Table of Contents ;
---------------------
  1. Legal Notice
  2. Analysis & Synthesis Summary
  3. Analysis & Synthesis Settings
  4. Parallel Compilation
  5. Analysis & Synthesis Source Files Read
  6. Analysis & Synthesis Resource Usage Summary
  7. Analysis & Synthesis Resource Utilization by Entity
  8. State Machine - |traffic|jiaotongdeng:inst2|STATE
  9. Registers Removed During Synthesis
 10. General Register Statistics
 11. Inverted Register Statistics
 12. Multiplexer Restructuring Statistics (Restructuring Performed)
 13. Parameter Settings for User Entity Instance: div1000:inst1
 14. Parameter Settings for User Entity Instance: div1:inst
 15. Parameter Settings for Inferred Entity Instance: jiaotongdeng:inst2|lpm_divide:Div0
 16. Parameter Settings for Inferred Entity Instance: jiaotongdeng:inst2|lpm_divide:Mod0
 17. Elapsed Time Per Partition
 18. Analysis & Synthesis Messages



----------------
; Legal Notice ;
----------------
Copyright (C) 1991-2013 Altera Corporation
Your use of Altera Corporation's design tools, logic functions 
and other software and tools, and its AMPP partner logic 
functions, and any output files from any of the foregoing 
(including device programming or simulation files), and any 
associated documentation or information are expressly subject 
to the terms and conditions of the Altera Program License 
Subscription Agreement, Altera MegaCore Function License 
Agreement, or other applicable license agreement, including, 
without limitation, that your use is for the sole purpose of 
programming logic devices manufactured by Altera and sold by 
Altera or its authorized distributors.  Please refer to the 
applicable agreement for further details.



+--------------------------------------------------------------------------------------+
; Analysis & Synthesis Summary                                                         ;
+------------------------------------+-------------------------------------------------+
; Analysis & Synthesis Status        ; Successful - Thu Jun 13 17:55:24 2019           ;
; Quartus II 64-Bit Version          ; 13.0.1 Build 232 06/12/2013 SP 1 SJ Web Edition ;
; Revision Name                      ; traffic                                         ;
; Top-level Entity Name              ; traffic                                         ;
; Family                             ; Cyclone II                                      ;
; Total logic elements               ; 231                                             ;
;     Total combinational functions  ; 229                                             ;
;     Dedicated logic registers      ; 70                                              ;
; Total registers                    ; 70                                              ;
; Total pins                         ; 14                                              ;
; Total virtual pins                 ; 0                                               ;
; Total memory bits                  ; 0                                               ;
; Embedded Multiplier 9-bit elements ; 0                                               ;
; Total PLLs                         ; 0                                               ;
+------------------------------------+-------------------------------------------------+


+--------------------------------------------------------------------------------+
; Analysis & Synthesis Settings                                                  ;
+--------------------------------------------------------------------------------+
Option        : Device
Setting       : EP2C5T144C8
Default Value : 

Option        : Top-level entity name
Setting       : traffic
Default Value : traffic

Option        : Family name
Setting       : Cyclone II
Default Value : Cyclone IV GX

Option        : Use smart compilation
Setting       : Off
Default Value : Off

Option        : Enable parallel Assembler and TimeQuest Timing Analyzer during compilation
Setting       : On
Default Value : On

Option        : Enable compact report table
Setting       : Off
Default Value : Off

Option        : Restructure Multiplexers
Setting       : Auto
Default Value : Auto

Option        : Create Debugging Nodes for IP Cores
Setting       : Off
Default Value : Off

Option        : Preserve fewer node names
Setting       : On
Default Value : On

Option        : Disable OpenCore Plus hardware evaluation
Setting       : Off
Default Value : Off

Option        : Verilog Version
Setting       : Verilog_2001
Default Value : Verilog_2001

Option        : VHDL Version
Setting       : VHDL_1993
Default Value : VHDL_1993

Option        : State Machine Processing
Setting       : Auto
Default Value : Auto

Option        : Safe State Machine
Setting       : Off
Default Value : Off

Option        : Extract Verilog State Machines
Setting       : On
Default Value : On

Option        : Extract VHDL State Machines
Setting       : On
Default Value : On

Option        : Ignore Verilog initial constructs
Setting       : Off
Default Value : Off

Option        : Iteration limit for constant Verilog loops
Setting       : 5000
Default Value : 5000

Option        : Iteration limit for non-constant Verilog loops
Setting       : 250
Default Value : 250

Option        : Add Pass-Through Logic to Inferred RAMs
Setting       : On
Default Value : On

Option        : Infer RAMs from Raw Logic
Setting       : On
Default Value : On

Option        : Parallel Synthesis
Setting       : On
Default Value : On

Option        : DSP Block Balancing
Setting       : Auto
Default Value : Auto

Option        : NOT Gate Push-Back
Setting       : On
Default Value : On

Option        : Power-Up Don't Care
Setting       : On
Default Value : On

Option        : Remove Redundant Logic Cells
Setting       : Off
Default Value : Off

Option        : Remove Duplicate Registers
Setting       : On
Default Value : On

Option        : Ignore CARRY Buffers
Setting       : Off
Default Value : Off

Option        : Ignore CASCADE Buffers
Setting       : Off
Default Value : Off

Option        : Ignore GLOBAL Buffers
Setting       : Off
Default Value : Off

Option        : Ignore ROW GLOBAL Buffers
Setting       : Off
Default Value : Off

Option        : Ignore LCELL Buffers
Setting       : Off
Default Value : Off

Option        : Ignore SOFT Buffers
Setting       : On
Default Value : On

Option        : Limit AHDL Integers to 32 Bits
Setting       : Off
Default Value : Off

Option        : Optimization Technique
Setting       : Balanced
Default Value : Balanced

Option        : Carry Chain Length
Setting       : 70
Default Value : 70

Option        : Auto Carry Chains
Setting       : On
Default Value : On

Option        : Auto Open-Drain Pins
Setting       : On
Default Value : On

Option        : Perform WYSIWYG Primitive Resynthesis
Setting       : Off
Default Value : Off

Option        : Auto ROM Replacement
Setting       : On
Default Value : On

Option        : Auto RAM Replacement
Setting       : On
Default Value : On

Option        : Auto Shift Register Replacement
Setting       : Auto
Default Value : Auto

Option        : Allow Shift Register Merging across Hierarchies
Setting       : Auto
Default Value : Auto

Option        : Auto Clock Enable Replacement
Setting       : On
Default Value : On

Option        : Strict RAM Replacement
Setting       : Off
Default Value : Off

Option        : Allow Synchronous Control Signals
Setting       : On
Default Value : On

Option        : Force Use of Synchronous Clear Signals
Setting       : Off
Default Value : Off

Option        : Auto RAM to Logic Cell Conversion
Setting       : Off
Default Value : Off

Option        : Auto Resource Sharing
Setting       : Off
Default Value : Off

Option        : Allow Any RAM Size For Recognition
Setting       : Off
Default Value : Off

Option        : Allow Any ROM Size For Recognition
Setting       : Off
Default Value : Off

Option        : Allow Any Shift Register Size For Recognition
Setting       : Off
Default Value : Off

Option        : Use LogicLock Constraints during Resource Balancing
Setting       : On
Default Value : On

Option        : Ignore translate_off and synthesis_off directives
Setting       : Off
Default Value : Off

Option        : Timing-Driven Synthesis
Setting       : Off
Default Value : Off

Option        : Report Parameter Settings
Setting       : On
Default Value : On

Option        : Report Source Assignments
Setting       : On
Default Value : On

Option        : Report Connectivity Checks
Setting       : On
Default Value : On

Option        : Ignore Maximum Fan-Out Assignments
Setting       : Off
Default Value : Off

Option        : Synchronization Register Chain Length
Setting       : 2
Default Value : 2

Option        : PowerPlay Power Optimization
Setting       : Normal compilation
Default Value : Normal compilation

Option        : HDL message level
Setting       : Level2
Default Value : Level2

Option        : Suppress Register Optimization Related Messages
Setting       : Off
Default Value : Off

Option        : Number of Removed Registers Reported in Synthesis Report
Setting       : 5000
Default Value : 5000

Option        : Number of Swept Nodes Reported in Synthesis Report
Setting       : 5000
Default Value : 5000

Option        : Number of Inverted Registers Reported in Synthesis Report
Setting       : 100
Default Value : 100

Option        : Clock MUX Protection
Setting       : On
Default Value : On

Option        : Auto Gated Clock Conversion
Setting       : Off
Default Value : Off

Option        : Block Design Naming
Setting       : Auto
Default Value : Auto

Option        : SDC constraint protection
Setting       : Off
Default Value : Off

Option        : Synthesis Effort
Setting       : Auto
Default Value : Auto

Option        : Shift Register Replacement - Allow Asynchronous Clear Signal
Setting       : On
Default Value : On

Option        : Pre-Mapping Resynthesis Optimization
Setting       : Off
Default Value : Off

Option        : Analysis & Synthesis Message Level
Setting       : Medium
Default Value : Medium

Option        : Disable Register Merging Across Hierarchies
Setting       : Auto
Default Value : Auto

Option        : Resource Aware Inference For Block RAM
Setting       : On
Default Value : On

Option        : Synthesis Seed
Setting       : 1
Default Value : 1
+--------------------------------------------------------------------------------+



+------------------------------------------+
; Parallel Compilation                     ;
+----------------------------+-------------+
; Processors                 ; Number      ;
+----------------------------+-------------+
; Number detected on machine ; 4           ;
; Maximum allowed            ; 2           ;
;                            ;             ;
; Average used               ; 1.00        ;
; Maximum used               ; 1           ;
;                            ;             ;
; Usage by Processor         ; % Time Used ;
;     Processor 1            ; 100.0%      ;
;     Processors 2-4         ;   0.0%      ;
+----------------------------+-------------+


+--------------------------------------------------------------------------------+
; Analysis & Synthesis Source Files Read                                         ;
+--------------------------------------------------------------------------------+
File Name with User-Entered Path : jiaotongdeng.vhd
Used in Netlist                  : yes
File Type                        : User VHDL File 
File Name with Absolute Path     : C:/SCNU/Study/Test/Quartus/traffic/jiaotongdeng.vhd
Library                          : 

File Name with User-Entered Path : seg7led.vhd
Used in Netlist                  : yes
File Type                        : User VHDL File 
File Name with Absolute Path     : C:/SCNU/Study/Test/Quartus/traffic/seg7led.vhd
Library                          : 

File Name with User-Entered Path : div1000.vhd
Used in Netlist                  : yes
File Type                        : User VHDL File 
File Name with Absolute Path     : C:/SCNU/Study/Test/Quartus/traffic/div1000.vhd
Library                          : 

File Name with User-Entered Path : div1.vhd
Used in Netlist                  : yes
File Type                        : User VHDL File 
File Name with Absolute Path     : C:/SCNU/Study/Test/Quartus/traffic/div1.vhd
Library                          : 

File Name with User-Entered Path : traffic.bdf
Used in Netlist                  : yes
File Type                        : User Block Diagram/Schematic File 
File Name with Absolute Path     : C:/SCNU/Study/Test/Quartus/traffic/traffic.bdf
Library                          : 

File Name with User-Entered Path : lpm_divide.tdf
Used in Netlist                  : yes
File Type                        : Megafunction 
File Name with Absolute Path     : d:/programs/quartus/quartus/libraries/megafunctions/lpm_divide.tdf
Library                          : 

File Name with User-Entered Path : abs_divider.inc
Used in Netlist                  : yes
File Type                        : Megafunction 
File Name with Absolute Path     : d:/programs/quartus/quartus/libraries/megafunctions/abs_divider.inc
Library                          : 

File Name with User-Entered Path : sign_div_unsign.inc
Used in Netlist                  : yes
File Type                        : Megafunction 
File Name with Absolute Path     : d:/programs/quartus/quartus/libraries/megafunctions/sign_div_unsign.inc
Library                          : 

File Name with User-Entered Path : aglobal130.inc
Used in Netlist                  : yes
File Type                        : Megafunction 
File Name with Absolute Path     : d:/programs/quartus/quartus/libraries/megafunctions/aglobal130.inc
Library                          : 

File Name with User-Entered Path : db/lpm_divide_vcm.tdf
Used in Netlist                  : yes
File Type                        : Auto-Generated Megafunction 
File Name with Absolute Path     : C:/SCNU/Study/Test/Quartus/traffic/db/lpm_divide_vcm.tdf
Library                          : 

File Name with User-Entered Path : db/sign_div_unsign_9kh.tdf
Used in Netlist                  : yes
File Type                        : Auto-Generated Megafunction 
File Name with Absolute Path     : C:/SCNU/Study/Test/Quartus/traffic/db/sign_div_unsign_9kh.tdf
Library                          : 

File Name with User-Entered Path : db/alt_u_div_kve.tdf
Used in Netlist                  : yes
File Type                        : Auto-Generated Megafunction 
File Name with Absolute Path     : C:/SCNU/Study/Test/Quartus/traffic/db/alt_u_div_kve.tdf
Library                          : 

File Name with User-Entered Path : db/add_sub_lkc.tdf
Used in Netlist                  : yes
File Type                        : Auto-Generated Megafunction 
File Name with Absolute Path     : C:/SCNU/Study/Test/Quartus/traffic/db/add_sub_lkc.tdf
Library                          : 

File Name with User-Entered Path : db/add_sub_mkc.tdf
Used in Netlist                  : yes
File Type                        : Auto-Generated Megafunction 
File Name with Absolute Path     : C:/SCNU/Study/Test/Quartus/traffic/db/add_sub_mkc.tdf
Library                          : 

File Name with User-Entered Path : db/lpm_divide_45m.tdf
Used in Netlist                  : yes
File Type                        : Auto-Generated Megafunction 
File Name with Absolute Path     : C:/SCNU/Study/Test/Quartus/traffic/db/lpm_divide_45m.tdf
Library                          : 

File Name with User-Entered Path : db/sign_div_unsign_bkh.tdf
Used in Netlist                  : yes
File Type                        : Auto-Generated Megafunction 
File Name with Absolute Path     : C:/SCNU/Study/Test/Quartus/traffic/db/sign_div_unsign_bkh.tdf
Library                          : 

File Name with User-Entered Path : db/alt_u_div_ove.tdf
Used in Netlist                  : yes
File Type                        : Auto-Generated Megafunction 
File Name with Absolute Path     : C:/SCNU/Study/Test/Quartus/traffic/db/alt_u_div_ove.tdf
Library                          : 
+--------------------------------------------------------------------------------+



+-----------------------------------------------------+
; Analysis & Synthesis Resource Usage Summary         ;
+---------------------------------------------+-------+
; Resource                                    ; Usage ;
+---------------------------------------------+-------+
; Estimated Total logic elements              ; 231   ;
;                                             ;       ;
; Total combinational functions               ; 229   ;
; Logic element usage by number of LUT inputs ;       ;
;     -- 4 input functions                    ; 63    ;
;     -- 3 input functions                    ; 23    ;
;     -- <=2 input functions                  ; 143   ;
;                                             ;       ;
; Logic elements by mode                      ;       ;
;     -- normal mode                          ; 161   ;
;     -- arithmetic mode                      ; 68    ;
;                                             ;       ;
; Total registers                             ; 70    ;
;     -- Dedicated logic registers            ; 70    ;
;     -- I/O registers                        ; 0     ;
;                                             ;       ;
; I/O pins                                    ; 14    ;
; Embedded Multiplier 9-bit elements          ; 0     ;
; Maximum fan-out node                        ; clk   ;
; Maximum fan-out                             ; 44    ;
; Total fan-out                               ; 745   ;
; Average fan-out                             ; 2.38  ;
+---------------------------------------------+-------+


+--------------------------------------------------------------------------------+
; Analysis & Synthesis Resource Utilization by Entity                            ;
+--------------------------------------------------------------------------------+
Compilation Hierarchy Node : |traffic
LC Combinationals          : 229 (0)
LC Registers               : 70 (0)
Memory Bits                : 0
DSP Elements               : 0
DSP 9x9                    : 0
DSP 18x18                  : 0
Pins                       : 14
Virtual Pins               : 0
Full Hierarchy Name        : |traffic
Library Name               : work

Compilation Hierarchy Node :    |div1000:inst1|
LC Combinationals          : 40 (40)
LC Registers               : 17 (17)
Memory Bits                : 0
DSP Elements               : 0
DSP 9x9                    : 0
DSP 18x18                  : 0
Pins                       : 0
Virtual Pins               : 0
Full Hierarchy Name        : |traffic|div1000:inst1
Library Name               : work

Compilation Hierarchy Node :    |div1:inst|
LC Combinationals          : 67 (67)
LC Registers               : 27 (27)
Memory Bits                : 0
DSP Elements               : 0
DSP 9x9                    : 0
DSP 18x18                  : 0
Pins                       : 0
Virtual Pins               : 0
Full Hierarchy Name        : |traffic|div1:inst
Library Name               : work

Compilation Hierarchy Node :    |jiaotongdeng:inst2|
LC Combinationals          : 100 (36)
LC Registers               : 16 (16)
Memory Bits                : 0
DSP Elements               : 0
DSP 9x9                    : 0
DSP 18x18                  : 0
Pins                       : 0
Virtual Pins               : 0
Full Hierarchy Name        : |traffic|jiaotongdeng:inst2
Library Name               : work

Compilation Hierarchy Node :       |lpm_divide:Div0|
LC Combinationals          : 30 (0)
LC Registers               : 0 (0)
Memory Bits                : 0
DSP Elements               : 0
DSP 9x9                    : 0
DSP 18x18                  : 0
Pins                       : 0
Virtual Pins               : 0
Full Hierarchy Name        : |traffic|jiaotongdeng:inst2|lpm_divide:Div0
Library Name               : work

Compilation Hierarchy Node :          |lpm_divide_vcm:auto_generated|
LC Combinationals          : 30 (0)
LC Registers               : 0 (0)
Memory Bits                : 0
DSP Elements               : 0
DSP 9x9                    : 0
DSP 18x18                  : 0
Pins                       : 0
Virtual Pins               : 0
Full Hierarchy Name        : |traffic|jiaotongdeng:inst2|lpm_divide:Div0|lpm_divide_vcm:auto_generated
Library Name               : work

Compilation Hierarchy Node :             |sign_div_unsign_9kh:divider|
LC Combinationals          : 30 (0)
LC Registers               : 0 (0)
Memory Bits                : 0
DSP Elements               : 0
DSP 9x9                    : 0
DSP 18x18                  : 0
Pins                       : 0
Virtual Pins               : 0
Full Hierarchy Name        : |traffic|jiaotongdeng:inst2|lpm_divide:Div0|lpm_divide_vcm:auto_generated|sign_div_unsign_9kh:divider
Library Name               : work

Compilation Hierarchy Node :                |alt_u_div_kve:divider|
LC Combinationals          : 30 (30)
LC Registers               : 0 (0)
Memory Bits                : 0
DSP Elements               : 0
DSP 9x9                    : 0
DSP 18x18                  : 0
Pins                       : 0
Virtual Pins               : 0
Full Hierarchy Name        : |traffic|jiaotongdeng:inst2|lpm_divide:Div0|lpm_divide_vcm:auto_generated|sign_div_unsign_9kh:divider|alt_u_div_kve:divider
Library Name               : work

Compilation Hierarchy Node :       |lpm_divide:Mod0|
LC Combinationals          : 34 (0)
LC Registers               : 0 (0)
Memory Bits                : 0
DSP Elements               : 0
DSP 9x9                    : 0
DSP 18x18                  : 0
Pins                       : 0
Virtual Pins               : 0
Full Hierarchy Name        : |traffic|jiaotongdeng:inst2|lpm_divide:Mod0
Library Name               : work

Compilation Hierarchy Node :          |lpm_divide_45m:auto_generated|
LC Combinationals          : 34 (0)
LC Registers               : 0 (0)
Memory Bits                : 0
DSP Elements               : 0
DSP 9x9                    : 0
DSP 18x18                  : 0
Pins                       : 0
Virtual Pins               : 0
Full Hierarchy Name        : |traffic|jiaotongdeng:inst2|lpm_divide:Mod0|lpm_divide_45m:auto_generated
Library Name               : work

Compilation Hierarchy Node :             |sign_div_unsign_bkh:divider|
LC Combinationals          : 34 (0)
LC Registers               : 0 (0)
Memory Bits                : 0
DSP Elements               : 0
DSP 9x9                    : 0
DSP 18x18                  : 0
Pins                       : 0
Virtual Pins               : 0
Full Hierarchy Name        : |traffic|jiaotongdeng:inst2|lpm_divide:Mod0|lpm_divide_45m:auto_generated|sign_div_unsign_bkh:divider
Library Name               : work

Compilation Hierarchy Node :                |alt_u_div_ove:divider|
LC Combinationals          : 34 (34)
LC Registers               : 0 (0)
Memory Bits                : 0
DSP Elements               : 0
DSP 9x9                    : 0
DSP 18x18                  : 0
Pins                       : 0
Virtual Pins               : 0
Full Hierarchy Name        : |traffic|jiaotongdeng:inst2|lpm_divide:Mod0|lpm_divide_45m:auto_generated|sign_div_unsign_bkh:divider|alt_u_div_ove:divider
Library Name               : work

Compilation Hierarchy Node :    |seg7led:inst3|
LC Combinationals          : 22 (22)
LC Registers               : 10 (10)
Memory Bits                : 0
DSP Elements               : 0
DSP 9x9                    : 0
DSP 18x18                  : 0
Pins                       : 0
Virtual Pins               : 0
Full Hierarchy Name        : |traffic|seg7led:inst3
Library Name               : work
+--------------------------------------------------------------------------------+

Note: For table entries with two numbers listed, the numbers in parentheses indicate the number of resources of the given type used by the specific entity alone. The numbers listed outside of parentheses indicate the total resources of the given type used by the specific entity and all of its sub-entities in the hierarchy.


Encoding Type:  One-Hot
+--------------------------------------------------------------------------------+
; State Machine - |traffic|jiaotongdeng:inst2|STATE                              ;
+--------------------------------------------------------------------------------+
Name     : STATE.S1
STATE.S4 : 0
STATE.S3 : 0
STATE.S2 : 0
STATE.S1 : 0

Name     : STATE.S2
STATE.S4 : 0
STATE.S3 : 0
STATE.S2 : 1
STATE.S1 : 1

Name     : STATE.S3
STATE.S4 : 0
STATE.S3 : 1
STATE.S2 : 0
STATE.S1 : 1

Name     : STATE.S4
STATE.S4 : 1
STATE.S3 : 0
STATE.S2 : 0
STATE.S1 : 1
+--------------------------------------------------------------------------------+



+----------------------------------------------------------------------------------+
; Registers Removed During Synthesis                                               ;
+---------------------------------------+------------------------------------------+
; Register name                         ; Reason for Removal                       ;
+---------------------------------------+------------------------------------------+
; jiaotongdeng:inst2|LIGHT2[3]          ; Merged with jiaotongdeng:inst2|LIGHT1[3] ;
; jiaotongdeng:inst2|LIGHT1[3]          ; Stuck at GND due to stuck port data_in   ;
; Total Number of Removed Registers = 2 ;                                          ;
+---------------------------------------+------------------------------------------+


+------------------------------------------------------+
; General Register Statistics                          ;
+----------------------------------------------+-------+
; Statistic                                    ; Value ;
+----------------------------------------------+-------+
; Total registers                              ; 70    ;
; Number of registers using Synchronous Clear  ; 0     ;
; Number of registers using Synchronous Load   ; 0     ;
; Number of registers using Asynchronous Clear ; 0     ;
; Number of registers using Asynchronous Load  ; 0     ;
; Number of registers using Clock Enable       ; 4     ;
; Number of registers using Preset             ; 0     ;
+----------------------------------------------+-------+


+---------------------------------------------------+
; Inverted Register Statistics                      ;
+-----------------------------------------+---------+
; Inverted Register                       ; Fan out ;
+-----------------------------------------+---------+
; div1000:inst1|count[15]                 ; 3       ;
; div1000:inst1|count[9]                  ; 2       ;
; div1000:inst1|count[6]                  ; 3       ;
; div1000:inst1|count[3]                  ; 3       ;
; div1000:inst1|count[8]                  ; 3       ;
; div1000:inst1|count[14]                 ; 3       ;
; div1000:inst1|count[2]                  ; 2       ;
; div1000:inst1|count[1]                  ; 2       ;
; div1000:inst1|count[0]                  ; 2       ;
; div1:inst|count[25]                     ; 3       ;
; div1:inst|count[23]                     ; 3       ;
; div1:inst|count[22]                     ; 3       ;
; div1:inst|count[19]                     ; 3       ;
; div1:inst|count[20]                     ; 3       ;
; div1:inst|count[21]                     ; 3       ;
; div1:inst|count[17]                     ; 3       ;
; div1:inst|count[15]                     ; 3       ;
; div1:inst|count[12]                     ; 3       ;
; div1:inst|count[13]                     ; 3       ;
; div1:inst|count[14]                     ; 3       ;
; div1:inst|count[6]                      ; 2       ;
; div1:inst|count[5]                      ; 2       ;
; div1:inst|count[4]                      ; 2       ;
; div1:inst|count[3]                      ; 2       ;
; div1:inst|count[2]                      ; 2       ;
; div1:inst|count[1]                      ; 2       ;
; div1:inst|count[0]                      ; 2       ;
; Total number of inverted registers = 27 ;         ;
+-----------------------------------------+---------+


+--------------------------------------------------------------------------------+
; Multiplexer Restructuring Statistics (Restructuring Performed)                 ;
+--------------------------------------------------------------------------------+
Multiplexer Inputs         : 4:1
Bus Width                  : 3 bits
Baseline Area              : 6 LEs
Area if Restructured       : 6 LEs
Saving if Restructured     : 0 LEs
Registered                 : Yes
Example Multiplexer Output : |traffic|seg7led:inst3|SHUJU[1]

Multiplexer Inputs         : 5:1
Bus Width                  : 2 bits
Baseline Area              : 6 LEs
Area if Restructured       : 2 LEs
Saving if Restructured     : 4 LEs
Registered                 : Yes
Example Multiplexer Output : |traffic|jiaotongdeng:inst2|LIGHT2[1]

Multiplexer Inputs         : 7:1
Bus Width                  : 3 bits
Baseline Area              : 12 LEs
Area if Restructured       : 6 LEs
Saving if Restructured     : 6 LEs
Registered                 : Yes
Example Multiplexer Output : |traffic|jiaotongdeng:inst2|LIGHT2[0]

Multiplexer Inputs         : 5:1
Bus Width                  : 3 bits
Baseline Area              : 9 LEs
Area if Restructured       : 6 LEs
Saving if Restructured     : 3 LEs
Registered                 : Yes
Example Multiplexer Output : |traffic|jiaotongdeng:inst2|COUNT[0]

Multiplexer Inputs         : 7:1
Bus Width                  : 3 bits
Baseline Area              : 12 LEs
Area if Restructured       : 9 LEs
Saving if Restructured     : 3 LEs
Registered                 : Yes
Example Multiplexer Output : |traffic|jiaotongdeng:inst2|COUNT[5]

Multiplexer Inputs         : 6:1
Bus Width                  : 2 bits
Baseline Area              : 8 LEs
Area if Restructured       : 4 LEs
Saving if Restructured     : 4 LEs
Registered                 : No
Example Multiplexer Output : |traffic|jiaotongdeng:inst2|Selector3

Multiplexer Inputs         : 8:1
Bus Width                  : 2 bits
Baseline Area              : 10 LEs
Area if Restructured       : 4 LEs
Saving if Restructured     : 6 LEs
Registered                 : No
Example Multiplexer Output : |traffic|jiaotongdeng:inst2|Selector2
+--------------------------------------------------------------------------------+



+--------------------------------------------------------------------------------+
; Parameter Settings for User Entity Instance: div1000:inst1                     ;
+--------------------------------------------------------------------------------+
Parameter Name : m
Value          : 50000
Type           : Signed Integer
+--------------------------------------------------------------------------------+

Note: In order to hide this table in the UI and the text report file, please set the "Show Parameter Settings in Synthesis Report" option in "Analysis and Synthesis Settings -> More Settings" to "Off".


+--------------------------------------------------------------------------------+
; Parameter Settings for User Entity Instance: div1:inst                         ;
+--------------------------------------------------------------------------------+
Parameter Name : m
Value          : 50000000
Type           : Signed Integer
+--------------------------------------------------------------------------------+

Note: In order to hide this table in the UI and the text report file, please set the "Show Parameter Settings in Synthesis Report" option in "Analysis and Synthesis Settings -> More Settings" to "Off".


+--------------------------------------------------------------------------------+
; Parameter Settings for Inferred Entity Instance: jiaotongdeng:inst2|lpm_divide:Div0 ;
+--------------------------------------------------------------------------------+
Parameter Name : LPM_WIDTHN
Value          : 6
Type           : Untyped

Parameter Name : LPM_WIDTHD
Value          : 4
Type           : Untyped

Parameter Name : LPM_NREPRESENTATION
Value          : UNSIGNED
Type           : Untyped

Parameter Name : LPM_DREPRESENTATION
Value          : UNSIGNED
Type           : Untyped

Parameter Name : LPM_PIPELINE
Value          : 0
Type           : Untyped

Parameter Name : LPM_REMAINDERPOSITIVE
Value          : TRUE
Type           : Untyped

Parameter Name : MAXIMIZE_SPEED
Value          : 5
Type           : Untyped

Parameter Name : CBXI_PARAMETER
Value          : lpm_divide_vcm
Type           : Untyped

Parameter Name : CARRY_CHAIN
Value          : MANUAL
Type           : Untyped

Parameter Name : OPTIMIZE_FOR_SPEED
Value          : 5
Type           : Untyped

Parameter Name : AUTO_CARRY_CHAINS
Value          : ON
Type           : AUTO_CARRY

Parameter Name : IGNORE_CARRY_BUFFERS
Value          : OFF
Type           : IGNORE_CARRY

Parameter Name : AUTO_CASCADE_CHAINS
Value          : ON
Type           : AUTO_CASCADE

Parameter Name : IGNORE_CASCADE_BUFFERS
Value          : OFF
Type           : IGNORE_CASCADE
+--------------------------------------------------------------------------------+

Note: In order to hide this table in the UI and the text report file, please set the "Show Parameter Settings in Synthesis Report" option in "Analysis and Synthesis Settings -> More Settings" to "Off".


+--------------------------------------------------------------------------------+
; Parameter Settings for Inferred Entity Instance: jiaotongdeng:inst2|lpm_divide:Mod0 ;
+--------------------------------------------------------------------------------+
Parameter Name : LPM_WIDTHN
Value          : 6
Type           : Untyped

Parameter Name : LPM_WIDTHD
Value          : 6
Type           : Untyped

Parameter Name : LPM_NREPRESENTATION
Value          : UNSIGNED
Type           : Untyped

Parameter Name : LPM_DREPRESENTATION
Value          : UNSIGNED
Type           : Untyped

Parameter Name : LPM_PIPELINE
Value          : 0
Type           : Untyped

Parameter Name : LPM_REMAINDERPOSITIVE
Value          : TRUE
Type           : Untyped

Parameter Name : MAXIMIZE_SPEED
Value          : 5
Type           : Untyped

Parameter Name : CBXI_PARAMETER
Value          : lpm_divide_45m
Type           : Untyped

Parameter Name : CARRY_CHAIN
Value          : MANUAL
Type           : Untyped

Parameter Name : OPTIMIZE_FOR_SPEED
Value          : 5
Type           : Untyped

Parameter Name : AUTO_CARRY_CHAINS
Value          : ON
Type           : AUTO_CARRY

Parameter Name : IGNORE_CARRY_BUFFERS
Value          : OFF
Type           : IGNORE_CARRY

Parameter Name : AUTO_CASCADE_CHAINS
Value          : ON
Type           : AUTO_CASCADE

Parameter Name : IGNORE_CASCADE_BUFFERS
Value          : OFF
Type           : IGNORE_CASCADE
+--------------------------------------------------------------------------------+

Note: In order to hide this table in the UI and the text report file, please set the "Show Parameter Settings in Synthesis Report" option in "Analysis and Synthesis Settings -> More Settings" to "Off".


+-------------------------------+
; Elapsed Time Per Partition    ;
+----------------+--------------+
; Partition Name ; Elapsed Time ;
+----------------+--------------+
; Top            ; 00:00:00     ;
+----------------+--------------+


+-------------------------------+
; Analysis & Synthesis Messages ;
+-------------------------------+
Info: *******************************************************************
Info: Running Quartus II 64-Bit Analysis & Synthesis
    Info: Version 13.0.1 Build 232 06/12/2013 Service Pack 1 SJ Web Edition
    Info: Processing started: Thu Jun 13 17:55:22 2019
Info: Command: quartus_map --read_settings_files=on --write_settings_files=off traffic -c traffic
Info (11104): Parallel Compilation has detected 4 hyper-threaded processors. However, the extra hyper-threaded processors will not be used by default. Parallel Compilation will use 2 of the 2 physical processors detected instead.
Info (12021): Found 2 design units, including 1 entities, in source file jiaotongdeng.vhd
    Info (12022): Found design unit 1: jiaotongdeng-example
    Info (12023): Found entity 1: jiaotongdeng
Info (12021): Found 2 design units, including 1 entities, in source file seg7led.vhd
    Info (12022): Found design unit 1: seg7led-example
    Info (12023): Found entity 1: seg7led
Info (12021): Found 2 design units, including 1 entities, in source file div1000.vhd
    Info (12022): Found design unit 1: div1000-behave
    Info (12023): Found entity 1: div1000
Warning (12019): Can't analyze file -- file traffic.vhd is missing
Info (12021): Found 2 design units, including 1 entities, in source file div1.vhd
    Info (12022): Found design unit 1: div1-behave
    Info (12023): Found entity 1: div1
Info (12021): Found 1 design units, including 1 entities, in source file traffic.bdf
    Info (12023): Found entity 1: traffic
Info (12127): Elaborating entity "traffic" for the top level hierarchy
Info (12128): Elaborating entity "seg7led" for hierarchy "seg7led:inst3"
Info (12128): Elaborating entity "div1000" for hierarchy "div1000:inst1"
Info (12128): Elaborating entity "jiaotongdeng" for hierarchy "jiaotongdeng:inst2"
Warning (10492): VHDL Process Statement warning at jiaotongdeng.vhd(64): signal "COUNT" is read inside the Process Statement but isn't in the Process Statement's sensitivity list
Warning (10492): VHDL Process Statement warning at jiaotongdeng.vhd(65): signal "COUNT" is read inside the Process Statement but isn't in the Process Statement's sensitivity list
Info (12128): Elaborating entity "div1" for hierarchy "div1:inst"
Info (278001): Inferred 2 megafunctions from design logic
    Info (278004): Inferred divider/modulo megafunction ("lpm_divide") from the following logic: "jiaotongdeng:inst2|Div0"
    Info (278004): Inferred divider/modulo megafunction ("lpm_divide") from the following logic: "jiaotongdeng:inst2|Mod0"
Info (12130): Elaborated megafunction instantiation "jiaotongdeng:inst2|lpm_divide:Div0"
Info (12133): Instantiated megafunction "jiaotongdeng:inst2|lpm_divide:Div0" with the following parameter:
    Info (12134): Parameter "LPM_WIDTHN" = "6"
    Info (12134): Parameter "LPM_WIDTHD" = "4"
    Info (12134): Parameter "LPM_NREPRESENTATION" = "UNSIGNED"
    Info (12134): Parameter "LPM_DREPRESENTATION" = "UNSIGNED"
Info (12021): Found 1 design units, including 1 entities, in source file db/lpm_divide_vcm.tdf
    Info (12023): Found entity 1: lpm_divide_vcm
Info (12021): Found 1 design units, including 1 entities, in source file db/sign_div_unsign_9kh.tdf
    Info (12023): Found entity 1: sign_div_unsign_9kh
Info (12021): Found 1 design units, including 1 entities, in source file db/alt_u_div_kve.tdf
    Info (12023): Found entity 1: alt_u_div_kve
Info (12021): Found 1 design units, including 1 entities, in source file db/add_sub_lkc.tdf
    Info (12023): Found entity 1: add_sub_lkc
Info (12021): Found 1 design units, including 1 entities, in source file db/add_sub_mkc.tdf
    Info (12023): Found entity 1: add_sub_mkc
Info (12130): Elaborated megafunction instantiation "jiaotongdeng:inst2|lpm_divide:Mod0"
Info (12133): Instantiated megafunction "jiaotongdeng:inst2|lpm_divide:Mod0" with the following parameter:
    Info (12134): Parameter "LPM_WIDTHN" = "6"
    Info (12134): Parameter "LPM_WIDTHD" = "6"
    Info (12134): Parameter "LPM_NREPRESENTATION" = "UNSIGNED"
    Info (12134): Parameter "LPM_DREPRESENTATION" = "UNSIGNED"
Info (12021): Found 1 design units, including 1 entities, in source file db/lpm_divide_45m.tdf
    Info (12023): Found entity 1: lpm_divide_45m
Info (12021): Found 1 design units, including 1 entities, in source file db/sign_div_unsign_bkh.tdf
    Info (12023): Found entity 1: sign_div_unsign_bkh
Info (12021): Found 1 design units, including 1 entities, in source file db/alt_u_div_ove.tdf
    Info (12023): Found entity 1: alt_u_div_ove
Warning (13024): Output pins are stuck at VCC or GND
    Warning (13410): Pin "seg7data[7]" is stuck at VCC
Info (16010): Generating hard_block partition "hard_block:auto_generated_inst"
    Info (16011): Adding 0 node(s), including 0 DDIO, 0 PLL, 0 transceiver and 0 LCELL
Info (21057): Implemented 247 device resources after synthesis - the final resource count might be different
    Info (21058): Implemented 2 input pins
    Info (21059): Implemented 12 output pins
    Info (21061): Implemented 233 logic cells
Info: Quartus II 64-Bit Analysis & Synthesis was successful. 0 errors, 5 warnings
    Info: Peak virtual memory: 4669 megabytes
    Info: Processing ended: Thu Jun 13 17:55:24 2019
    Info: Elapsed time: 00:00:02
    Info: Total CPU time (on all processors): 00:00:02


