------------------------------------------------------------
TimeQuest Timing Analyzer Summary
------------------------------------------------------------

Type  : Slow Model Setup 'div1000:inst1|q'
Slack : -11.328
TNS   : -45.084

Type  : Slow Model Setup 'clk'
Slack : -5.002
TNS   : -167.080

Type  : Slow Model Setup 'div1:inst|q'
Slack : -3.133
TNS   : -45.321

Type  : Slow Model Hold 'div1000:inst1|q'
Slack : 0.499
TNS   : 0.000

Type  : Slow Model Hold 'div1:inst|q'
Slack : 0.499
TNS   : 0.000

Type  : Slow Model Hold 'clk'
Slack : 0.944
TNS   : 0.000

Type  : Slow Model Minimum Pulse Width 'clk'
Slack : -1.941
TNS   : -67.237

Type  : Slow Model Minimum Pulse Width 'div1:inst|q'
Slack : -0.742
TNS   : -23.744

Type  : Slow Model Minimum Pulse Width 'div1000:inst1|q'
Slack : -0.742
TNS   : -14.840

Type  : Fast Model Setup 'div1000:inst1|q'
Slack : -2.755
TNS   : -9.915

Type  : Fast Model Setup 'clk'
Slack : -1.087
TNS   : -24.680

Type  : Fast Model Setup 'div1:inst|q'
Slack : -0.342
TNS   : -3.712

Type  : Fast Model Hold 'div1000:inst1|q'
Slack : 0.215
TNS   : 0.000

Type  : Fast Model Hold 'div1:inst|q'
Slack : 0.215
TNS   : 0.000

Type  : Fast Model Hold 'clk'
Slack : 0.329
TNS   : 0.000

Type  : Fast Model Minimum Pulse Width 'clk'
Slack : -1.380
TNS   : -45.380

Type  : Fast Model Minimum Pulse Width 'div1:inst|q'
Slack : -0.500
TNS   : -16.000

Type  : Fast Model Minimum Pulse Width 'div1000:inst1|q'
Slack : -0.500
TNS   : -10.000

------------------------------------------------------------
